Executing action: monitor
Running idf_monitor in directory K:\ESP32\imPress\firmware\class_c6
Executing "K:\Espressif\tools\python\v6.1\venv\Scripts\python.exe K:\esp\v6.1\esp-idf\tools/idf_monitor.py -p COM19 -b 115200 --toolchain-prefix riscv32-esp-elf- --target esp32c6 --revision 0 --decode-panic backtrace K:\ESP32\imPress\firmware\class_c6\build\impress_class_c6.elf K:\ESP32\imPress\firmware\class_c6\build\bootloader\bootloader.elf --force-color -m 'K:\Espressif\tools\python\v6.1\venv\Scripts\python.exe' 'K:\esp\v6.1\esp-idf\tools\idf.py' '-p' 'COM19'"...
python.exe : --- Warning: GDB cannot open serial ports accessed as COMx
At C:\Espressif\tools\Microsoft.v6.1.PowerShell_profile.ps1:137 char:5
+     & "K:\Espressif\tools\python\v6.1\venv\Scripts\python.exe" "K:\es ...
+     ~~~~~~~~~~~~~~~~~~~~~~~~~~~~~~~~~~~~~~~~~~~~~~~~~~~~~~~~~~~~~~~~~
    + CategoryInfo          : NotSpecified: (--- Warning: GD...ccessed as COMx:String) [], RemoteException
    + FullyQualifiedErrorId : NativeCommandError
 

--- Using \\.\COM19 instead...

--- esp-idf-monitor 1.9.0 on \\.\COM19 115200

--- Quit: Ctrl+] | Menu: Ctrl+T | Help: Ctrl+T followed by Ctrl+H
ESP-ROM:esp32c6-20220919

Build:Sep 19 2022

rst:0x1 (POWERON),boot:0xc (SPI_FAST_FLASH_BOOT)

SPIWP:0xee

mode:DIO, clock div:2

load:0x40875730,len:0x1648

load:0x4086b910,len:0xdbc

--- 0x4086b910: esp_bootloader_get_description at K:/esp/v6.1/esp-idf/components/esp_bootloader_format/esp_bootloader_desc.c:40
load:0x4086e610,len:0x31f0

--- 0x4086e610: is_xmc_chip_strict at K:/esp/v6.1/esp-idf/components/bootloader_support/bootloader_flash/src/bootloader_flash.c:911
entry 0x4086b91a

--- 0x4086b91a: call_start_cpu0 at K:/esp/v6.1/esp-idf/components/bootloader/subproject/main/bootloader_start.c:27
I (23) boot: ESP-IDF v6.1 2nd stage bootloader

I (24) boot: compile time Sep 12 2026 04:43:22

I (24) boot: chip revision: v0.2

I (24) boot: efuse block revision: v0.3

I (27) boot.esp32c6: SPI Speed      : 80MHz

I (31) boot.esp32c6: SPI Mode       : DIO

I (34) boot.esp32c6: SPI Flash Size : 8MB

I (38) boot: Enabling RNG early entropy source...

I (43) boot: Partition Table:

I (45) boot: ## Label            Usage          Type ST Offset   Length

I (52) boot:  0 nvs              WiFi data        01 02 00009000 00006000

I (58) boot:  1 otadata          OTA data         01 00 0000f000 00002000

I (65) boot:  2 phy_init         RF data          01 01 00011000 00001000

I (71) boot:  3 ota_0            OTA app          00 10 00020000 003e0000

I (78) boot:  4 ota_1            OTA app          00 11 00400000 003e0000

I (84) boot: End of partition table

I (88) esp_image: segment 0: paddr=00020020 vaddr=420d0020 size=26de0h (159200) map

I (125) esp_image: segment 1: paddr=00046e08 vaddr=40800000 size=09210h ( 37392) load

I (134) esp_image: segment 2: paddr=00050020 vaddr=42000020 size=cbff0h (835568) map

I (294) esp_image: segment 3: paddr=0011c018 vaddr=40809210 size=13d1ch ( 81180) load

I (318) boot: Loaded app from partition at offset 0x20000

I (318) boot: Disabling RNG early entropy source...

I (328) cpu_start: Unicore app

I (337) cpu_start: GPIO 17 and 16 are used as console UART I/O pins

I (337) cpu_start: Pro cpu start user code

I (337) cpu_start: cpu freq: 160000000 Hz

I (339) app_init: Application information:

I (343) app_init: Project name:     impress_class_c6

I (348) app_init: App version:      1

I (351) app_init: Compile time:     Sep 12 2026 04:43:07

I (356) app_init: ELF file SHA256:  143164d0d...

I (360) app_init: ESP-IDF:          v6.1

I (364) efuse_init: Min chip rev:     v0.0

I (368) efuse_init: Max chip rev:     v0.99 

I (372) efuse_init: Chip rev:         v0.2

I (376) heap_init: Initializing. RAM available for dynamic allocation:

I (382) heap_init: At 40824FB0 len 00057660 (349 KiB): RAM

I (387) heap_init: At 4087C610 len 00002F54 (11 KiB): RAM

I (392) heap_init: At 50000000 len 00003FE8 (15 KiB): RTCRAM

I (398) spi_flash: detected chip: generic

I (401) spi_flash: flash io: dio

I (405) sleep_gpio: Configure to isolate all GPIO pins in sleep state

I (411) sleep_gpio: Enable automatic switching of GPIO sleep configuration

I (417) coexist: coex firmware version: a830d28

I (421) coexist: coexist rom version 5b8dcfa

I (426) main_task: Started on CPU0

I (448) main_task: Calling app_main()

I (448) c6_main: === imPress C6 Gateway v1.0.0 ===

I (462) c6_cfg: WiFi: impress-hotspot  backend: 192.168.137.1:8000  class_id: 0

I (462) c6_main: MAC: 48:F6:EE:FF:FE:C7  class_id: 0

I (464) spi_slave: SPI slave initialized

I (468) pp: pp rom version: 5b8dcfa

I (470) net80211: net80211 rom version: 5b8dcfa

I (475) wifi:wifi driver task: 4087f424, prio:23, stack:6656, core=0

I (487) wifi:wifi firmware version: e12a754

I (487) wifi:wifi certification version: v7.0

I (488) wifi:config NVS flash: enabled

I (491) wifi:config nano formatting: disabled

I (495) wifi:mac_version:HAL_MAC_ESP32AX_761,ut_version:N, band mode:0x1

I (502) wifi:Init data frame dynamic rx buffer num: 32

I (507) wifi:Init static rx mgmt buffer num: 5

I (511) wifi:Init management short buffer num: 32

I (515) wifi:Init dynamic tx buffer num: 32

I (519) wifi:Init static tx FG buffer num: 2

I (523) wifi:Init static rx buffer size: 1700 (rxctrl:92, csi:512)

I (529) wifi:Init static rx buffer num: 10

I (533) wifi:Init dynamic rx buffer num: 32

I (538) wifi_init: rx ba win: 6

I (540) wifi_init: accept mbox: 6

I (543) wifi_init: tcpip mbox: 32

I (546) wifi_init: udp mbox: 6

I (549) wifi_init: tcp mbox: 6

I (551) wifi_init: tcp tx win: 5760

I (555) wifi_init: tcp rx win: 5760

I (558) wifi_init: tcp mss: 1440

I (561) wifi_init: WiFi IRAM OP enabled

I (564) wifi_init: WiFi RX IRAM OP enabled

I (568) wifi_init: WiFi SLP IRAM OP enabled

I (573) phy_init: phy_version 345,552b044,Jul 14 2026,10:37:00

I (626) wifi:11ax coex: WDEVAX_PTI0(0x55777555), WDEVAX_PTI1(0x00003377).



I (627) wifi:mode : sta (48:f6:ee:c7:12:54)

I (627) wifi:enable tsf

I (631) wifi: WiFi connecting to impress-hotspot ...

I (633) c6_main: WiFi connect attempt 1 (backoff 2000 ms)

I (2638) c6_main: WiFi connect attempt 2 (backoff 3000 ms)

W (3037) wifi: WiFi disconnected — retrying

W (5445) wifi: WiFi disconnected — retrying

I (5638) c6_main: WiFi connect attempt 3 (backoff 4500 ms)

W (7852) wifi: WiFi disconnected — retrying

I (10138) c6_main: WiFi connect attempt 4 (backoff 6750 ms)

W (10260) wifi: WiFi disconnected — retrying

W (12668) wifi: WiFi disconnected — retrying

W (15075) wifi: WiFi disconnected — retrying

I (16888) c6_main: WiFi connect attempt 5 (backoff 10125 ms)

W (17483) wifi: WiFi disconnected — retrying

W (19890) wifi: WiFi disconnected — retrying

W (22297) wifi: WiFi disconnected — retrying

W (24705) wifi: WiFi disconnected — retrying

I (27013) c6_main: WiFi connect attempt 6 (backoff 15187 ms)

W (27112) wifi: WiFi disconnected — retrying

W (29519) wifi: WiFi disconnected — retrying

W (31927) wifi: WiFi disconnected — retrying

W (34334) wifi: WiFi disconnected — retrying

W (36742) wifi: WiFi disconnected — retrying

W (39149) wifi: WiFi disconnected — retrying

W (41557) wifi: WiFi disconnected — retrying

I (42200) c6_main: WiFi connect attempt 7 (backoff 22780 ms)

W (43964) wifi: WiFi disconnected — retrying

W (46371) wifi: WiFi disconnected — retrying

W (48779) wifi: WiFi disconnected — retrying

W (51186) wifi: WiFi disconnected — retrying

W (53594) wifi: WiFi disconnected — retrying

W (56001) wifi: WiFi disconnected — retrying

W (58408) wifi: WiFi disconnected — retrying

W (60816) wifi: WiFi disconnected — retrying

W (63223) wifi: WiFi disconnected — retrying

I (64980) c6_main: WiFi connect attempt 8 (backoff 30000 ms)

W (65631) wifi: WiFi disconnected — retrying

W (68038) wifi: WiFi disconnected — retrying

W (70445) wifi: WiFi disconnected — retrying

W (72853) wifi: WiFi disconnected — retrying

W (75260) wifi: WiFi disconnected — retrying

W (77668) wifi: WiFi disconnected — retrying

W (80075) wifi: WiFi disconnected — retrying

W (82482) wifi: WiFi disconnected — retrying

W (84890) wifi: WiFi disconnected — retrying

W (87297) wifi: WiFi disconnected — retrying

W (89704) wifi: WiFi disconnected — retrying

W (92112) wifi: WiFi disconnected — retrying

W (94519) wifi: WiFi disconnected — retrying

I (94980) c6_main: WiFi connect attempt 9 (backoff 30000 ms)

W (96927) wifi: WiFi disconnected — retrying

W (99334) wifi: WiFi disconnected — retrying

W (101742) wifi: WiFi disconnected — retrying

W (104149) wifi: WiFi disconnected — retrying

W (106556) wifi: WiFi disconnected — retrying

W (108964) wifi: WiFi disconnected — retrying

W (111371) wifi: WiFi disconnected — retrying

W (113778) wifi: WiFi disconnected — retrying

W (116186) wifi: WiFi disconnected — retrying

W (118593) wifi: WiFi disconnected — retrying

W (121001) wifi: WiFi disconnected — retrying

W (123408) wifi: WiFi disconnected — retrying

I (124980) c6_main: WiFi connect attempt 10 (backoff 30000 ms)

W (125815) wifi: WiFi disconnected — retrying

W (128223) wifi: WiFi disconnected — retrying

W (130630) wifi: WiFi disconnected — retrying

W (133038) wifi: WiFi disconnected — retrying

W (135445) wifi: WiFi disconnected — retrying

W (137852) wifi: WiFi disconnected — retrying

W (140260) wifi: WiFi disconnected — retrying

W (142667) wifi: WiFi disconnected — retrying

W (145074) wifi: WiFi disconnected — retrying

W (147482) wifi: WiFi disconnected — retrying

W (149889) wifi: WiFi disconnected — retrying

W (152296) wifi: WiFi disconnected — retrying

W (154704) wifi: WiFi disconnected — retrying

I (154980) c6_main: WiFi connect attempt 11 (backoff 30000 ms)

W (157111) wifi: WiFi disconnected — retrying

W (159519) wifi: WiFi disconnected — retrying

W (161926) wifi: WiFi disconnected — retrying

W (164333) wifi: WiFi disconnected — retrying

W (166741) wifi: WiFi disconnected — retrying

W (169148) wifi: WiFi disconnected — retrying

W (171556) wifi: WiFi disconnected — retrying

W (173963) wifi: WiFi disconnected — retrying

W (176370) wifi: WiFi disconnected — retrying

W (178778) wifi: WiFi disconnected — retrying

W (181185) wifi: WiFi disconnected — retrying

W (183593) wifi: WiFi disconnected — retrying

I (184980) c6_main: WiFi connect attempt 12 (backoff 30000 ms)

W (186000) wifi: WiFi disconnected — retrying

W (188408) wifi: WiFi disconnected — retrying

W (190815) wifi: WiFi disconnected — retrying

W (193222) wifi: WiFi disconnected — retrying

W (195630) wifi: WiFi disconnected — retrying

W (198037) wifi: WiFi disconnected — retrying

W (200445) wifi: WiFi disconnected — retrying

W (202852) wifi: WiFi disconnected — retrying

W (205259) wifi: WiFi disconnected — retrying

W (207667) wifi: WiFi disconnected — retrying

W (210074) wifi: WiFi disconnected — retrying

W (212481) wifi: WiFi disconnected — retrying

W (214889) wifi: WiFi disconnected — retrying

I (214980) c6_main: WiFi connect attempt 13 (backoff 30000 ms)

W (217296) wifi: WiFi disconnected — retrying

W (219704) wifi: WiFi disconnected — retrying

W (222111) wifi: WiFi disconnected — retrying

W (224518) wifi: WiFi disconnected — retrying

W (226926) wifi: WiFi disconnected — retrying

W (229333) wifi: WiFi disconnected — retrying

W (231740) wifi: WiFi disconnected — retrying

W (234148) wifi: WiFi disconnected — retrying

W (236555) wifi: WiFi disconnected — retrying

W (238963) wifi: WiFi disconnected — retrying

W (241370) wifi: WiFi disconnected — retrying

W (243778) wifi: WiFi disconnected — retrying

I (244980) c6_main: WiFi connect attempt 14 (backoff 30000 ms)

W (246185) wifi: WiFi disconnected — retrying

W (248593) wifi: WiFi disconnected — retrying

W (251000) wifi: WiFi disconnected — retrying

W (253407) wifi: WiFi disconnected — retrying

W (255815) wifi: WiFi disconnected — retrying

W (258222) wifi: WiFi disconnected — retrying

W (260630) wifi: WiFi disconnected — retrying

W (263037) wifi: WiFi disconnected — retrying

W (265444) wifi: WiFi disconnected — retrying

W (267852) wifi: WiFi disconnected — retrying

W (270259) wifi: WiFi disconnected — retrying

W (272667) wifi: WiFi disconnected — retrying

I (274980) c6_main: WiFi connect attempt 15 (backoff 30000 ms)

W (275074) wifi: WiFi disconnected — retrying

W (277481) wifi: WiFi disconnected — retrying

W (279889) wifi: WiFi disconnected — retrying

W (282296) wifi: WiFi disconnected — retrying

W (284704) wifi: WiFi disconnected — retrying

W (287111) wifi: WiFi disconnected — retrying

W (289518) wifi: WiFi disconnected — retrying

W (291926) wifi: WiFi disconnected — retrying

W (294333) wifi: WiFi disconnected — retrying

W (296741) wifi: WiFi disconnected — retrying

W (299148) wifi: WiFi disconnected — retrying

W (301556) wifi: WiFi disconnected — retrying

W (303963) wifi: WiFi disconnected — retrying

I (304980) c6_main: WiFi connect attempt 16 (backoff 30000 ms)

W (306370) wifi: WiFi disconnected — retrying

W (308778) wifi: WiFi disconnected — retrying

W (311185) wifi: WiFi disconnected — retrying

W (313593) wifi: WiFi disconnected — retrying

W (316000) wifi: WiFi disconnected — retrying

W (318407) wifi: WiFi disconnected — retrying

W (320815) wifi: WiFi disconnected — retrying

W (323222) wifi: WiFi disconnected — retrying

W (325630) wifi: WiFi disconnected — retrying

W (328037) wifi: WiFi disconnected — retrying

W (330444) wifi: WiFi disconnected — retrying

W (332852) wifi: WiFi disconnected — retrying

I (334980) c6_main: WiFi connect attempt 17 (backoff 30000 ms)

W (335259) wifi: WiFi disconnected — retrying

W (337667) wifi: WiFi disconnected — retrying

W (340074) wifi: WiFi disconnected — retrying

W (342481) wifi: WiFi disconnected — retrying

W (344889) wifi: WiFi disconnected — retrying

W (347296) wifi: WiFi disconnected — retrying

W (349703) wifi: WiFi disconnected — retrying

W (352111) wifi: WiFi disconnected — retrying

W (354518) wifi: WiFi disconnected — retrying

W (356926) wifi: WiFi disconnected — retrying

W (359333) wifi: WiFi disconnected — retrying

W (361740) wifi: WiFi disconnected — retrying

W (364148) wifi: WiFi disconnected — retrying

I (364980) c6_main: WiFi connect attempt 18 (backoff 30000 ms)

W (366555) wifi: WiFi disconnected — retrying

W (368963) wifi: WiFi disconnected — retrying

W (371370) wifi: WiFi disconnected — retrying

W (373777) wifi: WiFi disconnected — retrying

W (376185) wifi: WiFi disconnected — retrying

W (378592) wifi: WiFi disconnected — retrying

W (381000) wifi: WiFi disconnected — retrying

W (383407) wifi: WiFi disconnected — retrying

W (385814) wifi: WiFi disconnected — retrying

W (388222) wifi: WiFi disconnected — retrying

W (390629) wifi: WiFi disconnected — retrying

W (393036) wifi: WiFi disconnected — retrying

I (394980) c6_main: WiFi connect attempt 19 (backoff 30000 ms)

W (395444) wifi: WiFi disconnected — retrying

W (397851) wifi: WiFi disconnected — retrying

W (400259) wifi: WiFi disconnected — retrying

W (402666) wifi: WiFi disconnected — retrying

W (405073) wifi: WiFi disconnected — retrying

W (407481) wifi: WiFi disconnected — retrying

W (409888) wifi: WiFi disconnected — retrying

W (412296) wifi: WiFi disconnected — retrying

W (414703) wifi: WiFi disconnected — retrying

W (417110) wifi: WiFi disconnected — retrying

W (419518) wifi: WiFi disconnected — retrying

W (421925) wifi: WiFi disconnected — retrying

W (424333) wifi: WiFi disconnected — retrying

I (424980) c6_main: WiFi connect attempt 20 (backoff 30000 ms)

W (426740) wifi: WiFi disconnected — retrying

W (429148) wifi: WiFi disconnected — retrying

W (431555) wifi: WiFi disconnected — retrying

W (433962) wifi: WiFi disconnected — retrying

W (436370) wifi: WiFi disconnected — retrying

W (438777) wifi: WiFi disconnected — retrying

W (441184) wifi: WiFi disconnected — retrying

W (443592) wifi: WiFi disconnected — retrying

W (445999) wifi: WiFi disconnected — retrying

W (448407) wifi: WiFi disconnected — retrying

W (450814) wifi: WiFi disconnected — retrying

W (453221) wifi: WiFi disconnected — retrying

I (454980) c6_main: WiFi connect attempt 21 (backoff 30000 ms)

W (455629) wifi: WiFi disconnected — retrying

W (458036) wifi: WiFi disconnected — retrying

W (460444) wifi: WiFi disconnected — retrying

W (462851) wifi: WiFi disconnected — retrying

W (465258) wifi: WiFi disconnected — retrying

W (467666) wifi: WiFi disconnected — retrying

W (470073) wifi: WiFi disconnected — retrying

W (472481) wifi: WiFi disconnected — retrying

W (474888) wifi: WiFi disconnected — retrying

W (477295) wifi: WiFi disconnected — retrying

W (479703) wifi: WiFi disconnected — retrying

W (482110) wifi: WiFi disconnected — retrying

W (484517) wifi: WiFi disconnected — retrying

I (484980) c6_main: WiFi connect attempt 22 (backoff 30000 ms)

W (486925) wifi: WiFi disconnected — retrying

W (489332) wifi: WiFi disconnected — retrying

W (491740) wifi: WiFi disconnected — retrying

W (494147) wifi: WiFi disconnected — retrying

W (496554) wifi: WiFi disconnected — retrying

W (498962) wifi: WiFi disconnected — retrying

W (501369) wifi: WiFi disconnected — retrying

W (503777) wifi: WiFi disconnected — retrying

W (506184) wifi: WiFi disconnected — retrying

W (508591) wifi: WiFi disconnected — retrying

W (510999) wifi: WiFi disconnected — retrying

W (513406) wifi: WiFi disconnected — retrying

I (514980) c6_main: WiFi connect attempt 23 (backoff 30000 ms)

W (515814) wifi: WiFi disconnected — retrying

W (518221) wifi: WiFi disconnected — retrying

W (520628) wifi: WiFi disconnected — retrying

W (523036) wifi: WiFi disconnected — retrying

W (525443) wifi: WiFi disconnected — retrying

W (527850) wifi: WiFi disconnected — retrying

W (530258) wifi: WiFi disconnected — retrying

W (532665) wifi: WiFi disconnected — retrying

W (535073) wifi: WiFi disconnected — retrying

W (537480) wifi: WiFi disconnected — retrying

W (539888) wifi: WiFi disconnected — retrying

W (542295) wifi: WiFi disconnected — retrying

W (544702) wifi: WiFi disconnected — retrying

I (544980) c6_main: WiFi connect attempt 24 (backoff 30000 ms)

W (547110) wifi: WiFi disconnected — retrying

W (549517) wifi: WiFi disconnected — retrying

W (551925) wifi: WiFi disconnected — retrying

W (554332) wifi: WiFi disconnected — retrying

W (556739) wifi: WiFi disconnected — retrying

W (559147) wifi: WiFi disconnected — retrying

W (561554) wifi: WiFi disconnected — retrying

W (563962) wifi: WiFi disconnected — retrying

W (566369) wifi: WiFi disconnected — retrying

W (568777) wifi: WiFi disconnected — retrying

W (571184) wifi: WiFi disconnected — retrying

W (573591) wifi: WiFi disconnected — retrying

